// Jest Snapshot v1, https://goo.gl/fbAQLP

exports[`Building-Blocks/Colors Blue smoke-test 1`] = `
<div class="sc-aXZVg laHUje">
  <p>
    50
  </p>
  <p>
    #E5ECF3
  </p>
</div>
<div class="sc-aXZVg hCUOdW">
  <p>
    100
  </p>
  <p>
    #CCDAE7
  </p>
</div>
<div class="sc-aXZVg fvCtxD">
  <p>
    200
  </p>
  <p>
    #B2C7DB
  </p>
</div>
<div class="sc-aXZVg hYYmfL">
  <p>
    300
  </p>
  <p>
    #99B5CF
  </p>
</div>
<div class="sc-aXZVg iRVeSf">
  <p>
    400
  </p>
  <p>
    #7FA2C2
  </p>
</div>
<div class="sc-aXZVg liHIEc">
  <p>
    500
  </p>
  <p>
    #6690B7
  </p>
</div>
<div class="sc-aXZVg euPFdB">
  <p>
    600
  </p>
  <p>
    #4D7EAB
  </p>
</div>
<div class="sc-aXZVg hMMvZc">
  <p>
    700
  </p>
  <p>
    #336B9E
  </p>
</div>
<div class="sc-aXZVg fEXWvT">
  <p>
    800
  </p>
  <p>
    #1A5992
  </p>
</div>
<div class="sc-aXZVg kjzUak">
  <p>
    900
  </p>
  <p>
    #004686
  </p>
</div>
`;

exports[`Building-Blocks/Colors Grey smoke-test 1`] = `
<div class="sc-aXZVg bZDWEL">
  <p>
    50
  </p>
  <p>
    #ECECEC
  </p>
</div>
<div class="sc-aXZVg jGUWHs">
  <p>
    100
  </p>
  <p>
    #D9D9D9
  </p>
</div>
<div class="sc-aXZVg eWvEtr">
  <p>
    200
  </p>
  <p>
    #C5C5C5
  </p>
</div>
<div class="sc-aXZVg dYISWk">
  <p>
    300
  </p>
  <p>
    #B3B3B3
  </p>
</div>
<div class="sc-aXZVg hivEzf">
  <p>
    400
  </p>
  <p>
    #9F9F9F
  </p>
</div>
<div class="sc-aXZVg KQiML">
  <p>
    500
  </p>
  <p>
    #8C8C8C
  </p>
</div>
<div class="sc-aXZVg eqlNKi">
  <p>
    600
  </p>
  <p>
    #797979
  </p>
</div>
<div class="sc-aXZVg kWNRtA">
  <p>
    700
  </p>
  <p>
    #666666
  </p>
</div>
<div class="sc-aXZVg hKzxVe">
  <p>
    800
  </p>
  <p>
    #535353
  </p>
</div>
<div class="sc-aXZVg iQqaic">
  <p>
    900
  </p>
  <p>
    #404040
  </p>
</div>
`;

exports[`Building-Blocks/Colors Red smoke-test 1`] = `
<div class="sc-aXZVg boCnkt">
  <p>
    50
  </p>
  <p>
    #F7E7E6
  </p>
</div>
<div class="sc-aXZVg hNWjTh">
  <p>
    100
  </p>
  <p>
    #EFCFCE
  </p>
</div>
<div class="sc-aXZVg kJHZcZ">
  <p>
    200
  </p>
  <p>
    #E7B6B4
  </p>
</div>
<div class="sc-aXZVg cTWKCV">
  <p>
    300
  </p>
  <p>
    #DF9E9C
  </p>
</div>
<div class="sc-aXZVg cjRdeq">
  <p>
    400
  </p>
  <p>
    #D78683
  </p>
</div>
<div class="sc-aXZVg kthGIC">
  <p>
    500
  </p>
  <p>
    #CF6E6B
  </p>
</div>
<div class="sc-aXZVg fWohTI">
  <p>
    600
  </p>
  <p>
    #C75652
  </p>
</div>
<div class="sc-aXZVg jsOqwU">
  <p>
    700
  </p>
  <p>
    #BF3E3A
  </p>
</div>
<div class="sc-aXZVg bDGfJP">
  <p>
    800
  </p>
  <p>
    #B72620
  </p>
</div>
<div class="sc-aXZVg bCTxdW">
  <p>
    900
  </p>
  <p>
    #AF0E08
  </p>
</div>
`;
