// Jest Snapshot v1, https://goo.gl/fbAQLP

exports[`util > itinerary getItineraryCost should calculate the total cost of an itinerary 1`] = `
Object {
  "code": "USD",
  "digits": 2,
}
`;
