// Jest Snapshot v1, https://goo.gl/fbAQLP

exports[`query-params getCustomQueryParams should return queryParams with customizations 1`] = `
Array [
  Object {
    "default": null,
    "itineraryRewrite": [Function],
    "name": "from",
  },
  Object {
    "default": null,
    "itineraryRewrite": [Function],
    "name": "to",
  },
  Object {
    "default": [Function],
    "name": "date",
  },
  Object {
    "default": [Function],
    "name": "time",
  },
  Object {
    "default": "NOW",
    "itineraryRewrite": [Function],
    "name": "departArrive",
  },
  Object {
    "default": "WALK,TRANSIT",
    "name": "mode",
  },
  Object {
    "name": "companies",
  },
  Object {
    "name": "bannedRoutes",
  },
  Object {
    "name": "preferredRoutes",
  },
]
`;
